kotlin version: 2.3.0
error message: org.jetbrains.kotlin.cli.jvm.plugins.PluginCliParser$PluginProcessingError: Plugin dev.swiftstorm.akkaradb.plugin.compiler.AkkRegisterer is incompatible with the current version of the compiler.
	at org.jetbrains.kotlin.cli.jvm.plugins.PluginCliParser.loadPluginsLegacyStyle(PluginCliParser.kt:248)
	at org.jetbrains.kotlin.cli.jvm.plugins.PluginCliParser.loadPluginsSafe(PluginCliParser.kt:112)
	at org.jetbrains.kotlin.cli.pipeline.AbstractConfigurationPhase.loadCompilerPlugins(AbstractConfigurationPhase.kt:122)
	at org.jetbrains.kotlin.cli.pipeline.AbstractConfigurationPhase.setupCommonConfiguration(AbstractConfigurationPhase.kt:71)
	at org.jetbrains.kotlin.cli.pipeline.AbstractConfigurationPhase.executePhase(AbstractConfigurationPhase.kt:47)
	at org.jetbrains.kotlin.cli.pipeline.jvm.JvmConfigurationPipelinePhase.executePhase(JvmConfigurationPipelinePhase.kt:37)
	at org.jetbrains.kotlin.cli.pipeline.jvm.JvmConfigurationPipelinePhase.executePhase(JvmConfigurationPipelinePhase.kt:31)
	at org.jetbrains.kotlin.cli.pipeline.PipelinePhase.phaseBody(PipelinePhase.kt:68)
	at org.jetbrains.kotlin.cli.pipeline.PipelinePhase.phaseBody(PipelinePhase.kt:58)
	at org.jetbrains.kotlin.config.phaser.NamedCompilerPhase.invoke(CompilerPhase.kt:102)
	at org.jetbrains.kotlin.backend.common.phaser.CompositePhase.invoke(PhaseBuilders.kt:22)
	at org.jetbrains.kotlin.config.phaser.CompilerPhaseKt.invokeToplevel(CompilerPhase.kt:53)
	at org.jetbrains.kotlin.cli.pipeline.AbstractCliPipeline.runPhasedPipeline(AbstractCliPipeline.kt:109)
	at org.jetbrains.kotlin.cli.pipeline.AbstractCliPipeline.execute(AbstractCliPipeline.kt:68)
	at org.jetbrains.kotlin.cli.jvm.K2JVMCompiler.doExecutePhased(K2JVMCompiler.kt:51)
	at org.jetbrains.kotlin.cli.jvm.K2JVMCompiler.doExecutePhased(K2JVMCompiler.kt:42)
	at org.jetbrains.kotlin.cli.common.CLICompiler.execImpl(CLICompiler.kt:89)
	at org.jetbrains.kotlin.cli.common.CLICompiler.exec(CLICompiler.kt:359)
	at org.jetbrains.kotlin.cli.common.CLICompiler.exec(CLICompiler.kt:337)
	at org.jetbrains.kotlin.cli.common.CLICompiler.execAndOutputXml(CLICompiler.kt:73)
	at java.base/jdk.internal.reflect.DirectMethodHandleAccessor.invoke(DirectMethodHandleAccessor.java:103)
	at java.base/java.lang.reflect.Method.invoke(Method.java:580)
	at org.jetbrains.kotlin.compilerRunner.GradleKotlinCompilerWork.compileInProcessImpl(GradleKotlinCompilerWork.kt:372)
	at org.jetbrains.kotlin.compilerRunner.GradleKotlinCompilerWork.access$compileInProcessImpl(GradleKotlinCompilerWork.kt:81)
	at org.jetbrains.kotlin.compilerRunner.GradleKotlinCompilerWork$compileInProcess$future$1.call(GradleKotlinCompilerWork.kt:345)
	at org.jetbrains.kotlin.compilerRunner.GradleKotlinCompilerWork$compileInProcess$future$1.call(GradleKotlinCompilerWork.kt:344)
	at java.base/java.util.concurrent.FutureTask.run(FutureTask.java:317)
	at java.base/java.util.concurrent.ThreadPoolExecutor.runWorker(ThreadPoolExecutor.java:1144)
	at java.base/java.util.concurrent.ThreadPoolExecutor$Worker.run(ThreadPoolExecutor.java:642)
	at java.base/java.lang.Thread.run(Thread.java:1583)
Caused by: java.lang.AbstractMethodError: Missing implementation of resolved method 'abstract java.lang.String getPluginId()' of abstract class org.jetbrains.kotlin.compiler.plugin.CompilerPluginRegistrar.
	at org.jetbrains.kotlin.cli.jvm.plugins.PluginCliParser.loadPluginsLegacyStyle(PluginCliParser.kt:246)
	... 29 more


